[backblue.gif]
[fade.gif]
[index.html]
[www.rajasmall.com/rajas1.swf]
[www.rajasmall.com/images/icon_1.gif]
[www.rajasmall.com/images/icon_3.gif]
[www.rajasmall.com/images/mall.jpg]
[www.rajasmall.com/images/mart.jpg]
[www.rajasmall.com/images/food-court.jpg]
[www.rajasmall.com/images/cinema.jpg]
[www.rajasmall.com/images/gal_03.jpg]
[www.rajasmall.com/images/gallery_01.jpg]
[www.rajasmall.com/images/gal_02.jpg]
[www.rajasmall.com/images/gallery_02.jpg]
[www.rajasmall.com/images/gal_05.jpg]
[www.rajasmall.com/images/gallery_03.jpg]
[www.rajasmall.com/images/gal_04.jpg]
[www.rajasmall.com/images/gallery_04.jpg]
[www.rajasmall.com/images/icon1.gif]
[www.rajasmall.com/images/icon2.gif]
[www.rajasmall.com/images/icon3.gif]
[www.rajasmall.com/images/icon4.gif]
[www.rajasmall.com/images/icon5.gif]
[www.rajasmall.com/index.html]
[www.rajasmall.com/css/reset.css]
[www.rajasmall.com/css/layout.css]
[www.rajasmall.com/images/btn_right.png]
[www.rajasmall.com/images/btn.png]
[www.rajasmall.com/images/btn_hover_right.png]
[www.rajasmall.com/css/style.css]
[www.rajasmall.com/images/btn_hover.png]
[www.rajasmall.com/js/ajax-googletips.js]
[www.rajasmall.com/js/cufon-yui.js]
[www.rajasmall.com/js/cufon-replace.js]
[www.rajasmall.com/js/Forum_400.font.js]
[www.rajasmall.com/js/jquery.easing.1.3.js]
[www.rajasmall.com/js/tms-0.3.js]
[www.rajasmall.com/js/tms_presets.js]
[www.rajasmall.com/js/script.js]
[www.rajasmall.com/js/atooltip.jquery.js]
[www.rajasmall.com/index-2.html]
[www.rajasmall.com/contact.html]
[www.rajasmall.com/images/wrangler.png]
[www.rajasmall.com/images/titan-logo.png]
[www.rajasmall.com/images/louis.jpg]
[www.rajasmall.com/about-us.html]
[www.rajasmall.com/images/lee_logo_2990.gif]
[www.rajasmall.com/images/under_construction.png]
[www.rajasmall.com/images/upcoming.png]
[www.rajasmall.com/images/demo-images/viswa.jpg]
[www.rajasmall.com/images/demo-images/viswa1.jpg]
[www.rajasmall.com/images/demo-images/thupakki.jpg]
[www.rajasmall.com/images/demo-images/thuppaki1.jpg]
[www.rajasmall.com/images/demo-images/thaandavam.png]
[www.rajasmall.com/images/demo-images/thaandavam1.png]
[www.rajasmall.com/images/demo-images/vaalu.jpg]
[www.rajasmall.com/images/demo-images/vaalu1.jpg]
[www.rajasmall.com/images/demo-images/kochadaiyaan.jpg]
[www.rajasmall.com/images/demo-images/kochadaiyaan1.jpg]
[www.rajasmall.com/cinema.html]
[www.rajasmall.com/images/bangs.jpg]
[www.rajasmall.com/images/pizzza.jpg]
[www.rajasmall.com/images/juice-loung.jpg]
[www.rajasmall.com/images/baskin-robins.png]
[www.rajasmall.com/images/bangs2.jpg]
[www.rajasmall.com/images/baskin.jpg]
[www.rajasmall.com/food-court.html]
[www.rajasmall.com/images/games.jpg]
[www.rajasmall.com/images/games1.jpg]
[www.rajasmall.com/games.html]
[www.rajasmall.com/Big/m27.jpg]
[www.rajasmall.com/Thumb/m27.jpg]
[www.rajasmall.com/Big/m28.jpg]
[www.rajasmall.com/Thumb/m28.jpg]
[www.rajasmall.com/Big/m29.jpg]
[www.rajasmall.com/Thumb/m29.jpg]
[www.rajasmall.com/Big/m30.jpg]
[www.rajasmall.com/Thumb/m30.jpg]
[www.rajasmall.com/Big/m31.jpg]
[www.rajasmall.com/Thumb/m31.jpg]
[www.rajasmall.com/Big/m32.jpg]
[www.rajasmall.com/Thumb/m32.jpg]
[www.rajasmall.com/Big/m33.jpg]
[www.rajasmall.com/Thumb/m33.jpg]
[www.rajasmall.com/Big/m34.jpg]
[www.rajasmall.com/Thumb/m34.jpg]
[www.rajasmall.com/Big/m35.jpg]
[www.rajasmall.com/Thumb/m35.jpg]
[www.rajasmall.com/Big/m36.jpg]
